
> heffring@0.1.0 build
> next build

node.exe : GÉÃ `eslint` configuration in 
next.config.mjs is no longer supported. See 
more info here: https://nextjs.org/docs/app/api-
reference/cli/next#next-lint-options
At line:1 char:1
+ & "C:\Program Files\nodejs/node.exe" 
"C:\Users\eltig\AppData\Roaming\ ...
+ ~~~~~~~~~~~~~~~~~~~~~~~~~~~~~~~~~~~~~~~~~~~~~~
~~~~~~~~~~~~~~~~~~~~~~~
    + CategoryInfo          : NotSpecified: (GÉ 
   Ã `eslint` co...xt-lint-options:String) [],  
   RemoteException
    + FullyQualifiedErrorId : NativeCommandErro 
   r
 
GÉÃ Invalid next.config.mjs options detected: 
GÉÃ     Unrecognized key(s) in object: 'eslint'
GÉÃ See more info here: https://nextjs.org/docs/
messages/invalid-next-config
GÉÃ turbopack.root should be absolute, using: 
C:\Users\eltig\OneDrive\Documents\heffringcollege
G«Î Next.js 16.1.6 (Turbopack)
- Environments: .env

  Creating an optimized production build ...
GÈ¶ Compiled successfully in 21.6s
  Skipping validation of types
  Collecting page data using 7 workers ...
  Generating static pages using 7 workers (0/222) ...
  Generating static pages using 7 workers (55/222) 
  Generating static pages using 7 workers (110/222) 
  Generating static pages using 7 workers (166/222) 
GÈ¶ Generating static pages using 7 workers (222/222) in 9.7s
  Finalizing page optimization ...

Route (app)
G—Ÿ Gªÿ /
G—È Gªÿ /_not-found
G—È Gªÿ /about
G—È Gªÿ /about-heffring-college
G—È Gªÿ /academic-regulations
G—È Gªÿ /accessibility
G—È Gªÿ /admin
G—È Gªÿ /admin/admissions
G—È Gªÿ /admin/admissions/review
G—È Gªÿ /admin/courses
G—È Gªé /admin/courses/[id]
G—Õ G—— /admin/courses/new
G—È Gªÿ /admin/courses/edit
G—È Gªÿ /admin/departments
G—È Gªé /admin/departments/[id]
G—Õ G—— /admin/departments/new
G—È Gªÿ /admin/departments/edit
G—È Gªÿ /admin/events
G—È Gªé /admin/events/[id]
G—Õ G—— /admin/events/new
G—È Gªÿ /admin/events/edit
G—È Gªÿ /admin/faculty
G—È Gªé /admin/faculty/[id]
G—Õ G—— /admin/faculty/new
G—È Gªÿ /admin/faculty/edit
G—È Gªÿ /admin/finance/invoices
G—È Gªÿ /admin/housing
G—È Gªÿ /admin/housing/finance
G—È Gªÿ /admin/it
G—È Gªÿ /admin/news
G—È Gªé /admin/news/[id]
G—Õ G—— /admin/news/new
G—È Gªÿ /admin/news/edit
G—È Gªÿ /admin/registrar
G—È Gªÿ /admin/research/projects
G—È Gªé /admin/research/projects/[id]
G—Õ G—— /admin/research/projects/new
G—È Gªÿ /admin/students
G—È Gªÿ /admin/subjects
G—È Gªé /admin/subjects/[id]
G—Õ G—— /admin/subjects/new
G—È Gªÿ /admin/subjects/edit
G—È Gªÿ /admissions
G—È Gªÿ /admissions-policy
G—È Gªÿ /admissions/application-process
G—È Gªÿ /admissions/bachelor
G—È Gªÿ /admissions/bachelor-fi
G—È Gªÿ /admissions/master
G—È Gªÿ /admissions/requirements
G—È Gªÿ /admissions/tuition
G—È Gªÿ /alumni
G—È Îó /api/upload
G—È Gªÿ /art
G—È Gªÿ /auth/callback
G—È Gªÿ /careers
G—È Gªÿ /code-of-conduct
G—È Gªÿ /collaboration
G—È Gªÿ /contact
G—È Gªÿ /cookies
G—È Gªÿ /debug
G—È Gªÿ /innovation
G—È Gªÿ /international
G—È Gªÿ /login
G—È Gªÿ /news
G—È Gªé /news/[slug]
G—Õ G—È /news/international-students
G—Õ G—È /news/applications-open-fall-2026
G—Õ G—È /news/students-employment
G—Õ G—— [+2 more paths]
G—È Gªé /news/events/[slug]
G—Õ G—— /news/events/open-day
G—È Gªÿ /news/why-study-in-finland
G—È Gªÿ /portal
G—È Gªÿ /portal/account
G—È Gªÿ /portal/account/admin-login
G—È Gªÿ /portal/account/admin-register
G—È Gªÿ /portal/account/login
G—È Gªÿ /portal/account/register
G—È Gªÿ /portal/application
G—È Gªÿ /portal/application/admission-letter
G—È Gªÿ /portal/application/letter
G—È Gªÿ /portal/application/offer
G—È Gªÿ /portal/application/payment
G—È Gªÿ /portal/application/receipt
G—È Gªÿ /portal/application/view
G—È Gªÿ /portal/apply
G—È Gªÿ /portal/dashboard
G—È Gªÿ /portal/enrollment
G—È Gªÿ /portal/student
G—È Gªÿ /portal/student/courses
G—È Gªÿ /portal/student/housing
G—È Gªÿ /portal/student/it-access
G—È Gªÿ /portal/student/lms
G—È Gªÿ /portal/student/offer
G—È Gªÿ /portal/student/records
G—È Gªÿ /portal/student/timetable
G—È Gªÿ /portal/student/transcript
G—È Gªÿ /portal/support
G—È Gªÿ /preview/payment
G—È Gªÿ /privacy
G—È Gªÿ /refund-withdrawal-policy
G—È Gªÿ /research
G—È Gªÿ /research/projects
G—È Gªé /research/projects/[slug]
G—Õ G—È /research/projects/urban-green-roofs-impact
G—Õ G—È /research/projects/ai-in-waste-sorting
G—Õ G—— /research/projects/carbon-neutral-construction-2030
G—È Gªÿ /research/publications
G—È Gªÿ /robots.txt
G—È Gªÿ /schools
G—È Gªé /schools/[slug]
G—Õ G—È /schools/arts
G—Õ G—È /schools/business
G—Õ G—È /schools/technology
G—Õ G—— /schools/science
G—È Gªé /schools/[slug]/[dept_slug]
G—Õ G—È /schools/science/data-science-ai
G—Õ G—È /schools/business/entrepreneurship-digital
G—Õ G—È /schools/business/marketing
G—Õ G—— [+17 more paths]
G—È Gªÿ /site-index
G—È Gªÿ /sitemap.xml
G—È Gªÿ /student-guide
G—È Gªÿ /student-guide/arrival
G—È Gªÿ /student-guide/bachelor
G—È Gªÿ /student-guide/exchange
G—È Gªÿ /student-guide/international
G—È Gªÿ /student-guide/master
G—È Gªÿ /student-handbook
G—È Gªÿ /student-life
G—È Gªÿ /student-life/cafe
G—È Gªÿ /studies
G—È Gªé /studies/[slug]
G—Õ G—È /studies/ba-film-tv
G—Õ G—È /studies/beng-electronics-nano
G—Õ G—È /studies/information-systems-bachelor
G—Õ G—— [+79 more paths]
G—— Gªÿ /terms


Gªÿ  (Static)   prerendered as static content
Gªé  (SSG)      prerendered as static HTML (uses generateStaticParams)
Îó  (Dynamic)  server-rendered on demand

